// Jest Snapshot v1, https://goo.gl/fbAQLP

exports[`Modal should render correctly snapshot 1`] = `
<div>
  <button
    aria-controls="radix-:r0:"
    aria-expanded="false"
    aria-haspopup="dialog"
    data-state="closed"
    data-testid="modal-trigger"
    type="button"
  >
    <div>
      trigger
    </div>
  </button>
</div>
`;
