// Jest Snapshot v1, https://goo.gl/fbAQLP

exports[`FloatingActionButton should render correctly snapshot 1`] = `
<div>
  <div
    style="width: 100%; height: 100%; opacity: 0.0540705018261588;"
  >
    <div
      class="sc-bcPKhP hrCAJu"
      data-testid="floatingactionbutton-container"
      position="right"
      title="Ir para mapa"
    >
      <div
        class="sc-grXZZQ dzrPzn"
      >
        <div
          class="sc-dkjKgF dEavTc"
        >
          <svg
            viewBox="0 0 24 24"
            xmlns="http://www.w3.org/2000/svg"
          >
            <path
              color="white"
              d="M12 18.5L9 17l-6 3V7l6-3l6 3l6-3v7M9 4v13m6-10v5m6.121 8.121a3 3 0 1 0-4.242 0c.418.419 1.125 1.045 2.121 1.879c1.051-.89 1.759-1.516 2.121-1.879zM19 18v.01"
              fill="none"
              stroke="currentColor"
              stroke-linecap="round"
              stroke-linejoin="round"
              stroke-width="2"
            />
          </svg>
        </div>
      </div>
    </div>
  </div>
</div>
`;
