// Jest Snapshot v1, https://goo.gl/fbAQLP

exports[`Input should render correctly snapshot 1`] = `
<div>
  <div>
    <div
      class="sc-dkjKgF gJxtqW"
    >
      <input
        autocomplete="off"
        class="sc-hLclGa gyuuaE"
        id="john due"
        isinvalid="0"
        label="teste"
        placeholder=""
        type="text"
        value=""
      />
      <span
        class="sc-eDnVMP fkBieA"
      >
         
      </span>
    </div>
    <label
      class="sc-bcPKhP hSXdPs"
    />
  </div>
</div>
`;
